// Jest Snapshot v1, https://goo.gl/fbAQLP

exports[`CompareSection should match the snapshot 1`] = `
ShallowWrapper {
  "length": 1,
  Symbol(enzyme.__root__): [Circular],
  Symbol(enzyme.__unrendered__): <CompareSection
    calculateAverage={[Function]}
    data={
        Array [
            Object {
              "data": Object {
                "2004": 0.756,
                "2005": 0.658,
                "2006": 0.253,
              },
              "id": 1,
              "location": "ColoraDo",
            },
            Object {
              "data": Object {
                "2004": 0.465,
                "2005": 0.758,
                "2006": 0.856,
              },
              "id": 2,
              "location": "ACADEMY 20",
            },
          ]
    }
/>,
  Symbol(enzyme.__renderer__): Object {
    "batchedUpdates": [Function],
    "getNode": [Function],
    "render": [Function],
    "simulateEvent": [Function],
    "unmount": [Function],
  },
  Symbol(enzyme.__node__): Object {
    "instance": null,
    "key": undefined,
    "nodeType": "host",
    "props": Object {
      "children": <div
        className="render-multiple"
>
        <Card
                className="card selected"
                data={
                        Object {
                                "2004": 0.756,
                                "2005": 0.658,
                                "2006": 0.253,
                              }
                }
                id={1}
                location="ColoraDo"
        />
        <div
                className="card center"
        >
                <h3>
                        ACADEMY 20
                        : 
                         
                </h3>
                <h2>
                        1.3
                </h2>
                <h3>
                        ACADEMY 20
                        : 
                        0.407
                </h3>
        </div>
        <Card
                className="card selected"
                data={
                        Object {
                                "2004": 0.465,
                                "2005": 0.758,
                                "2006": 0.856,
                              }
                }
                id={2}
                location="ACADEMY 20"
        />
</div>,
      "className": "comparison",
    },
    "ref": null,
    "rendered": Object {
      "instance": null,
      "key": undefined,
      "nodeType": "host",
      "props": Object {
        "children": Array [
          <Card
            className="card selected"
            data={
                        Object {
                                    "2004": 0.756,
                                    "2005": 0.658,
                                    "2006": 0.253,
                                  }
            }
            id={1}
            location="ColoraDo"
/>,
          <div
            className="card center"
>
            <h3>
                        ACADEMY 20
                        : 
                         
            </h3>
            <h2>
                        1.3
            </h2>
            <h3>
                        ACADEMY 20
                        : 
                        0.407
            </h3>
</div>,
          <Card
            className="card selected"
            data={
                        Object {
                                    "2004": 0.465,
                                    "2005": 0.758,
                                    "2006": 0.856,
                                  }
            }
            id={2}
            location="ACADEMY 20"
/>,
        ],
        "className": "render-multiple",
      },
      "ref": null,
      "rendered": Array [
        Object {
          "instance": null,
          "key": undefined,
          "nodeType": "function",
          "props": Object {
            "className": "card selected",
            "data": Object {
              "2004": 0.756,
              "2005": 0.658,
              "2006": 0.253,
            },
            "id": 1,
            "location": "ColoraDo",
          },
          "ref": null,
          "rendered": null,
          "type": [Function],
        },
        Object {
          "instance": null,
          "key": undefined,
          "nodeType": "host",
          "props": Object {
            "children": Array [
              <h3>
                ACADEMY 20
                : 
                 
</h3>,
              <h2>
                1.3
</h2>,
              <h3>
                ACADEMY 20
                : 
                0.407
</h3>,
            ],
            "className": "card center",
          },
          "ref": null,
          "rendered": Array [
            Object {
              "instance": null,
              "key": undefined,
              "nodeType": "host",
              "props": Object {
                "children": Array [
                  "ACADEMY 20",
                  ": ",
                  undefined,
                  " ",
                ],
              },
              "ref": null,
              "rendered": Array [
                "ACADEMY 20",
                ": ",
                undefined,
                " ",
              ],
              "type": "h3",
            },
            Object {
              "instance": null,
              "key": undefined,
              "nodeType": "host",
              "props": Object {
                "children": 1.3,
              },
              "ref": null,
              "rendered": 1.3,
              "type": "h2",
            },
            Object {
              "instance": null,
              "key": undefined,
              "nodeType": "host",
              "props": Object {
                "children": Array [
                  "ACADEMY 20",
                  ": ",
                  0.407,
                ],
              },
              "ref": null,
              "rendered": Array [
                "ACADEMY 20",
                ": ",
                0.407,
              ],
              "type": "h3",
            },
          ],
          "type": "div",
        },
        Object {
          "instance": null,
          "key": undefined,
          "nodeType": "function",
          "props": Object {
            "className": "card selected",
            "data": Object {
              "2004": 0.465,
              "2005": 0.758,
              "2006": 0.856,
            },
            "id": 2,
            "location": "ACADEMY 20",
          },
          "ref": null,
          "rendered": null,
          "type": [Function],
        },
      ],
      "type": "div",
    },
    "type": "div",
  },
  Symbol(enzyme.__nodes__): Array [
    Object {
      "instance": null,
      "key": undefined,
      "nodeType": "host",
      "props": Object {
        "children": <div
          className="render-multiple"
>
          <Card
                    className="card selected"
                    data={
                              Object {
                                        "2004": 0.756,
                                        "2005": 0.658,
                                        "2006": 0.253,
                                      }
                    }
                    id={1}
                    location="ColoraDo"
          />
          <div
                    className="card center"
          >
                    <h3>
                              ACADEMY 20
                              : 
                               
                    </h3>
                    <h2>
                              1.3
                    </h2>
                    <h3>
                              ACADEMY 20
                              : 
                              0.407
                    </h3>
          </div>
          <Card
                    className="card selected"
                    data={
                              Object {
                                        "2004": 0.465,
                                        "2005": 0.758,
                                        "2006": 0.856,
                                      }
                    }
                    id={2}
                    location="ACADEMY 20"
          />
</div>,
        "className": "comparison",
      },
      "ref": null,
      "rendered": Object {
        "instance": null,
        "key": undefined,
        "nodeType": "host",
        "props": Object {
          "children": Array [
            <Card
              className="card selected"
              data={
                            Object {
                                          "2004": 0.756,
                                          "2005": 0.658,
                                          "2006": 0.253,
                                        }
              }
              id={1}
              location="ColoraDo"
/>,
            <div
              className="card center"
>
              <h3>
                            ACADEMY 20
                            : 
                             
              </h3>
              <h2>
                            1.3
              </h2>
              <h3>
                            ACADEMY 20
                            : 
                            0.407
              </h3>
</div>,
            <Card
              className="card selected"
              data={
                            Object {
                                          "2004": 0.465,
                                          "2005": 0.758,
                                          "2006": 0.856,
                                        }
              }
              id={2}
              location="ACADEMY 20"
/>,
          ],
          "className": "render-multiple",
        },
        "ref": null,
        "rendered": Array [
          Object {
            "instance": null,
            "key": undefined,
            "nodeType": "function",
            "props": Object {
              "className": "card selected",
              "data": Object {
                "2004": 0.756,
                "2005": 0.658,
                "2006": 0.253,
              },
              "id": 1,
              "location": "ColoraDo",
            },
            "ref": null,
            "rendered": null,
            "type": [Function],
          },
          Object {
            "instance": null,
            "key": undefined,
            "nodeType": "host",
            "props": Object {
              "children": Array [
                <h3>
                  ACADEMY 20
                  : 
                   
</h3>,
                <h2>
                  1.3
</h2>,
                <h3>
                  ACADEMY 20
                  : 
                  0.407
</h3>,
              ],
              "className": "card center",
            },
            "ref": null,
            "rendered": Array [
              Object {
                "instance": null,
                "key": undefined,
                "nodeType": "host",
                "props": Object {
                  "children": Array [
                    "ACADEMY 20",
                    ": ",
                    undefined,
                    " ",
                  ],
                },
                "ref": null,
                "rendered": Array [
                  "ACADEMY 20",
                  ": ",
                  undefined,
                  " ",
                ],
                "type": "h3",
              },
              Object {
                "instance": null,
                "key": undefined,
                "nodeType": "host",
                "props": Object {
                  "children": 1.3,
                },
                "ref": null,
                "rendered": 1.3,
                "type": "h2",
              },
              Object {
                "instance": null,
                "key": undefined,
                "nodeType": "host",
                "props": Object {
                  "children": Array [
                    "ACADEMY 20",
                    ": ",
                    0.407,
                  ],
                },
                "ref": null,
                "rendered": Array [
                  "ACADEMY 20",
                  ": ",
                  0.407,
                ],
                "type": "h3",
              },
            ],
            "type": "div",
          },
          Object {
            "instance": null,
            "key": undefined,
            "nodeType": "function",
            "props": Object {
              "className": "card selected",
              "data": Object {
                "2004": 0.465,
                "2005": 0.758,
                "2006": 0.856,
              },
              "id": 2,
              "location": "ACADEMY 20",
            },
            "ref": null,
            "rendered": null,
            "type": [Function],
          },
        ],
        "type": "div",
      },
      "type": "div",
    },
  ],
  Symbol(enzyme.__options__): Object {
    "adapter": ReactSixteenAdapter {
      "options": Object {
        "enableComponentDidUpdateOnSetState": true,
      },
    },
  },
}
`;
